[2025-10-06 20:07:51] [INFO] Teste de logging concorrente iniciado.
[2025-10-06 20:07:51] [INFO] Log da Thread 3, mensagem #0
[2025-10-06 20:07:51] [INFO] Log da Thread 1, mensagem #0
[2025-10-06 20:07:51] [INFO] Log da Thread 2, mensagem #0
[2025-10-06 20:07:51] [INFO] Log da Thread 4, mensagem #0
[2025-10-06 20:07:51] [INFO] Log da Thread 5, mensagem #0
[2025-10-06 20:07:51] [INFO] Log da Thread 6, mensagem #0
[2025-10-06 20:07:51] [INFO] Log da Thread 7, mensagem #0
[2025-10-06 20:07:51] [INFO] Log da Thread 8, mensagem #0
[2025-10-06 20:07:51] [INFO] Log da Thread 9, mensagem #0
[2025-10-06 20:07:51] [INFO] Log da Thread 10, mensagem #0
[2025-10-06 20:07:51] [INFO] Log da Thread 3, mensagem #1
[2025-10-06 20:07:51] [INFO] Log da Thread 1, mensagem #1
[2025-10-06 20:07:51] [INFO] Log da Thread 4, mensagem #1
[2025-10-06 20:07:51] [INFO] Log da Thread 2, mensagem #1
[2025-10-06 20:07:51] [INFO] Log da Thread 8, mensagem #1
[2025-10-06 20:07:51] [INFO] Log da Thread 6, mensagem #1
[2025-10-06 20:07:51] [INFO] Log da Thread 10, mensagem #1
[2025-10-06 20:07:51] [INFO] Log da Thread 5, mensagem #1
[2025-10-06 20:07:51] [INFO] Log da Thread 9, mensagem #1
[2025-10-06 20:07:51] [INFO] Log da Thread 7, mensagem #1
[2025-10-06 20:07:51] [INFO] Log da Thread 1, mensagem #2
[2025-10-06 20:07:51] [INFO] Log da Thread 3, mensagem #2
[2025-10-06 20:07:51] [INFO] Log da Thread 4, mensagem #2
[2025-10-06 20:07:51] [INFO] Log da Thread 2, mensagem #2
[2025-10-06 20:07:51] [INFO] Log da Thread 6, mensagem #2
[2025-10-06 20:07:51] [INFO] Log da Thread 8, mensagem #2
[2025-10-06 20:07:51] [INFO] Log da Thread 10, mensagem #2
[2025-10-06 20:07:51] [INFO] Log da Thread 5, mensagem #2
[2025-10-06 20:07:51] [INFO] Log da Thread 9, mensagem #2
[2025-10-06 20:07:51] [INFO] Log da Thread 7, mensagem #2
[2025-10-06 20:07:51] [INFO] Log da Thread 1, mensagem #3
[2025-10-06 20:07:51] [INFO] Log da Thread 4, mensagem #3
[2025-10-06 20:07:51] [INFO] Log da Thread 3, mensagem #3
[2025-10-06 20:07:51] [INFO] Log da Thread 10, mensagem #3
[2025-10-06 20:07:51] [INFO] Log da Thread 5, mensagem #3
[2025-10-06 20:07:51] [INFO] Log da Thread 6, mensagem #3
[2025-10-06 20:07:51] [INFO] Log da Thread 8, mensagem #3
[2025-10-06 20:07:51] [INFO] Log da Thread 2, mensagem #3
[2025-10-06 20:07:51] [INFO] Log da Thread 9, mensagem #3
[2025-10-06 20:07:51] [INFO] Log da Thread 7, mensagem #3
[2025-10-06 20:07:51] [INFO] Log da Thread 1, mensagem #4
[2025-10-06 20:07:51] [INFO] Log da Thread 2, mensagem #4
[2025-10-06 20:07:51] [INFO] Log da Thread 3, mensagem #4
[2025-10-06 20:07:51] [INFO] Log da Thread 5, mensagem #4
[2025-10-06 20:07:51] [INFO] Log da Thread 10, mensagem #4
[2025-10-06 20:07:51] [INFO] Log da Thread 6, mensagem #4
[2025-10-06 20:07:51] [INFO] Log da Thread 4, mensagem #4
[2025-10-06 20:07:51] [INFO] Log da Thread 8, mensagem #4
[2025-10-06 20:07:51] [INFO] Log da Thread 9, mensagem #4
[2025-10-06 20:07:51] [INFO] Log da Thread 7, mensagem #4
[2025-10-06 20:07:51] [INFO] Log da Thread 1, mensagem #5
[2025-10-06 20:07:51] [INFO] Log da Thread 3, mensagem #5
[2025-10-06 20:07:51] [INFO] Log da Thread 10, mensagem #5
[2025-10-06 20:07:51] [INFO] Log da Thread 5, mensagem #5
[2025-10-06 20:07:51] [INFO] Log da Thread 2, mensagem #5
[2025-10-06 20:07:51] [INFO] Log da Thread 4, mensagem #5
[2025-10-06 20:07:51] [INFO] Log da Thread 6, mensagem #5
[2025-10-06 20:07:51] [INFO] Log da Thread 8, mensagem #5
[2025-10-06 20:07:51] [INFO] Log da Thread 9, mensagem #5
[2025-10-06 20:07:51] [INFO] Log da Thread 7, mensagem #5
[2025-10-06 20:07:51] [INFO] Log da Thread 1, mensagem #6
[2025-10-06 20:07:51] [INFO] Log da Thread 3, mensagem #6
[2025-10-06 20:07:51] [INFO] Log da Thread 10, mensagem #6
[2025-10-06 20:07:51] [INFO] Log da Thread 4, mensagem #6
[2025-10-06 20:07:51] [INFO] Log da Thread 5, mensagem #6
[2025-10-06 20:07:51] [INFO] Log da Thread 2, mensagem #6
[2025-10-06 20:07:51] [INFO] Log da Thread 9, mensagem #6
[2025-10-06 20:07:51] [INFO] Log da Thread 8, mensagem #6
[2025-10-06 20:07:51] [INFO] Log da Thread 6, mensagem #6
[2025-10-06 20:07:51] [INFO] Log da Thread 7, mensagem #6
[2025-10-06 20:07:51] [INFO] Log da Thread 1, mensagem #7
[2025-10-06 20:07:51] [INFO] Log da Thread 3, mensagem #7
[2025-10-06 20:07:51] [INFO] Log da Thread 4, mensagem #7
[2025-10-06 20:07:51] [INFO] Log da Thread 10, mensagem #7
[2025-10-06 20:07:51] [INFO] Log da Thread 8, mensagem #7
[2025-10-06 20:07:51] [INFO] Log da Thread 2, mensagem #7
[2025-10-06 20:07:51] [INFO] Log da Thread 7, mensagem #7
[2025-10-06 20:07:51] [INFO] Log da Thread 5, mensagem #7
[2025-10-06 20:07:51] [INFO] Log da Thread 6, mensagem #7
[2025-10-06 20:07:51] [INFO] Log da Thread 9, mensagem #7
[2025-10-06 20:07:51] [INFO] Log da Thread 1, mensagem #8
[2025-10-06 20:07:51] [INFO] Log da Thread 4, mensagem #8
[2025-10-06 20:07:51] [INFO] Log da Thread 3, mensagem #8
[2025-10-06 20:07:51] [INFO] Log da Thread 8, mensagem #8
[2025-10-06 20:07:51] [INFO] Log da Thread 10, mensagem #8
[2025-10-06 20:07:51] [INFO] Log da Thread 2, mensagem #8
[2025-10-06 20:07:51] [INFO] Log da Thread 5, mensagem #8
[2025-10-06 20:07:51] [INFO] Log da Thread 7, mensagem #8
[2025-10-06 20:07:51] [INFO] Log da Thread 6, mensagem #8
[2025-10-06 20:07:51] [INFO] Log da Thread 9, mensagem #8
[2025-10-06 20:07:51] [INFO] Log da Thread 1, mensagem #9
[2025-10-06 20:07:51] [INFO] Log da Thread 4, mensagem #9
[2025-10-06 20:07:51] [INFO] Log da Thread 3, mensagem #9
[2025-10-06 20:07:51] [INFO] Log da Thread 8, mensagem #9
[2025-10-06 20:07:51] [INFO] Log da Thread 10, mensagem #9
[2025-10-06 20:07:51] [INFO] Log da Thread 2, mensagem #9
[2025-10-06 20:07:51] [INFO] Log da Thread 6, mensagem #9
[2025-10-06 20:07:51] [INFO] Log da Thread 5, mensagem #9
[2025-10-06 20:07:51] [INFO] Log da Thread 7, mensagem #9
[2025-10-06 20:07:51] [INFO] Log da Thread 9, mensagem #9
[2025-10-06 20:07:51] [INFO] Log da Thread 1, mensagem #10
[2025-10-06 20:07:51] [INFO] Log da Thread 8, mensagem #10
[2025-10-06 20:07:51] [INFO] Log da Thread 10, mensagem #10
[2025-10-06 20:07:51] [INFO] Log da Thread 3, mensagem #10
[2025-10-06 20:07:51] [INFO] Log da Thread 4, mensagem #10
[2025-10-06 20:07:51] [INFO] Log da Thread 2, mensagem #10
[2025-10-06 20:07:51] [INFO] Log da Thread 6, mensagem #10
[2025-10-06 20:07:51] [INFO] Log da Thread 5, mensagem #10
[2025-10-06 20:07:51] [INFO] Log da Thread 7, mensagem #10
[2025-10-06 20:07:51] [INFO] Log da Thread 9, mensagem #10
[2025-10-06 20:07:51] [INFO] Log da Thread 1, mensagem #11
[2025-10-06 20:07:51] [INFO] Log da Thread 8, mensagem #11
[2025-10-06 20:07:51] [INFO] Log da Thread 10, mensagem #11
[2025-10-06 20:07:51] [INFO] Log da Thread 4, mensagem #11
[2025-10-06 20:07:51] [INFO] Log da Thread 3, mensagem #11
[2025-10-06 20:07:51] [INFO] Log da Thread 5, mensagem #11
[2025-10-06 20:07:51] [INFO] Log da Thread 7, mensagem #11
[2025-10-06 20:07:51] [INFO] Log da Thread 6, mensagem #11
[2025-10-06 20:07:51] [INFO] Log da Thread 9, mensagem #11
[2025-10-06 20:07:51] [INFO] Log da Thread 2, mensagem #11
[2025-10-06 20:07:51] [INFO] Log da Thread 1, mensagem #12
[2025-10-06 20:07:51] [INFO] Log da Thread 8, mensagem #12
[2025-10-06 20:07:51] [INFO] Log da Thread 4, mensagem #12
[2025-10-06 20:07:51] [INFO] Log da Thread 10, mensagem #12
[2025-10-06 20:07:51] [INFO] Log da Thread 3, mensagem #12
[2025-10-06 20:07:51] [INFO] Log da Thread 5, mensagem #12
[2025-10-06 20:07:51] [INFO] Log da Thread 7, mensagem #12
[2025-10-06 20:07:51] [INFO] Log da Thread 6, mensagem #12
[2025-10-06 20:07:51] [INFO] Log da Thread 9, mensagem #12
[2025-10-06 20:07:51] [INFO] Log da Thread 2, mensagem #12
[2025-10-06 20:07:51] [INFO] Log da Thread 1, mensagem #13
[2025-10-06 20:07:51] [INFO] Log da Thread 10, mensagem #13
[2025-10-06 20:07:51] [INFO] Log da Thread 5, mensagem #13
[2025-10-06 20:07:51] [INFO] Log da Thread 8, mensagem #13
[2025-10-06 20:07:51] [INFO] Log da Thread 7, mensagem #13
[2025-10-06 20:07:51] [INFO] Log da Thread 4, mensagem #13
[2025-10-06 20:07:51] [INFO] Log da Thread 3, mensagem #13
[2025-10-06 20:07:51] [INFO] Log da Thread 6, mensagem #13
[2025-10-06 20:07:51] [INFO] Log da Thread 9, mensagem #13
[2025-10-06 20:07:51] [INFO] Log da Thread 2, mensagem #13
[2025-10-06 20:07:51] [INFO] Log da Thread 1, mensagem #14
[2025-10-06 20:07:51] [INFO] Log da Thread 8, mensagem #14
[2025-10-06 20:07:51] [INFO] Log da Thread 5, mensagem #14
[2025-10-06 20:07:51] [INFO] Log da Thread 10, mensagem #14
[2025-10-06 20:07:51] [INFO] Log da Thread 7, mensagem #14
[2025-10-06 20:07:51] [INFO] Log da Thread 4, mensagem #14
[2025-10-06 20:07:51] [INFO] Log da Thread 3, mensagem #14
[2025-10-06 20:07:51] [INFO] Log da Thread 6, mensagem #14
[2025-10-06 20:07:51] [INFO] Log da Thread 9, mensagem #14
[2025-10-06 20:07:51] [INFO] Log da Thread 2, mensagem #14
[2025-10-06 20:07:51] [INFO] Teste de logging concorrente finalizado.
[2025-10-06 20:07:51] [ERROR] Exemplo de uma mensagem de erro no final do teste.
